// Jest Snapshot v1, https://goo.gl/fbAQLP

exports[`Digits game - Field test Field should render 1`] = `
<div
  className="field"
>
  <Cell
    data={
      Object {
        "data-index": 1,
      }
    }
    key="2"
    onClick={[MockFunction]}
    style={
      Object {
        "backgroundColor": "lightgreen",
        "left": "100px",
        "opacity": 1,
        "top": "0px",
      }
    }
  >
    <div
      className="value"
    >
      2
    </div>
  </Cell>
  <Cell
    data={
      Object {
        "data-index": 2,
      }
    }
    key="6"
    onClick={[MockFunction]}
    style={
      Object {
        "backgroundColor": false,
        "left": "200px",
        "opacity": 1,
        "top": "0px",
      }
    }
  >
    <div
      className="value"
    >
      6
    </div>
  </Cell>
  <Cell
    data={
      Object {
        "data-index": 3,
      }
    }
    key="3"
    onClick={[MockFunction]}
    style={
      Object {
        "backgroundColor": false,
        "left": "300px",
        "opacity": 1,
        "top": "0px",
      }
    }
  >
    <div
      className="value"
    >
      3
    </div>
  </Cell>
  <Cell
    data={
      Object {
        "data-index": 4,
      }
    }
    key="4"
    onClick={[MockFunction]}
    style={
      Object {
        "backgroundColor": false,
        "left": "0px",
        "opacity": 1,
        "top": "100px",
      }
    }
  >
    <div
      className="value"
    >
      4
    </div>
  </Cell>
  <Cell
    data={
      Object {
        "data-index": 5,
      }
    }
    key="5"
    onClick={[MockFunction]}
    style={
      Object {
        "backgroundColor": false,
        "left": "100px",
        "opacity": 1,
        "top": "100px",
      }
    }
  >
    <div
      className="value"
    >
      5
    </div>
  </Cell>
</div>
`;
