// Jest Snapshot v1, https://goo.gl/fbAQLP

exports[`Words game - ProgressBar test should render 1`] = `
<ProgressBar
  transitionDuration="100ms"
  width="10%"
>
  <div
    className="progressBar"
  >
    <div
      className="progressInner"
      style={
        Object {
          "transitionDuration": "100ms",
          "width": "10%",
        }
      }
    />
  </div>
</ProgressBar>
`;
